
> @afenda/monorepo@ build C:\AI-BOS\NEXUSCANON-AFENDA
> turbo run build

node.exe : ÔÇó turbo 2.8.10
At C:\nvm4w\nodejs\pnpm.ps1:16 char:5
+     & "$basedir/node$exe"  "$basedir/node_modules/corepack/dist/pnpm. ...
+     ~~~~~~~~~~~~~~~~~~~~~~~~~~~~~~~~~~~~~~~~~~~~~~~~~~~~~~~~~~~~~~~~~
    + CategoryInfo          : NotSpecified: (ÔÇó turbo 2.8.10:String) [], Remo 
   teException
    + FullyQualifiedErrorId : NativeCommandError
 
ÔÇó Packages in scope: @afenda/api, @afenda/api-kit, @afenda/authz, @afenda/contracts, @afenda/core, @afenda/db, @afenda/design-system, @afenda/drift-check, @afenda/e2e, @afenda/eslint-config, @afenda/finance, @afenda/generators, @afenda/platform, @afenda/storage, @afenda/typescript-config, @afenda/web, @afenda/worker
ÔÇó Running build in 17 packages
ÔÇó Remote caching disabled
@afenda/core:build: cache hit, replaying logs 5f2439a1fc8163f6
@afenda/core:build: 
@afenda/core:build: > @afenda/core@0.0.0 build C:\AI-BOS\NEXUSCANON-AFENDA\packages\core
@afenda/core:build: > tsup && tsc -p tsconfig.build.json --emitDeclarationOnly
@afenda/core:build: 
@afenda/core:build: [34mCLI[39m Building entry: src/index.ts
@afenda/core:build: [34mCLI[39m Using tsconfig: tsconfig.build.json
@afenda/core:build: [34mCLI[39m tsup v8.5.1
@afenda/core:build: [34mCLI[39m Using tsup config: C:\AI-BOS\NEXUSCANON-AFENDA\packages\core\tsup.config.ts
@afenda/core:build: [34mCLI[39m Target: es2022
@afenda/core:build: [34mCLI[39m Cleaning output folder
@afenda/core:build: [34mESM[39m Build start
@afenda/core:build: [32mESM[39m [1mdist\index.js     [22m[32m2.34 KB[39m
@afenda/core:build: [32mESM[39m [1mdist\index.js.map [22m[32m5.88 KB[39m
@afenda/core:build: [32mESM[39m ÔÜí´©Å Build success in 80ms
@afenda/authz:build: cache hit, replaying logs b8dcd6bb2c427312
@afenda/authz:build: 
@afenda/authz:build: > @afenda/authz@0.0.0 build C:\AI-BOS\NEXUSCANON-AFENDA\packages\authz
@afenda/authz:build: > tsup && tsc -p tsconfig.build.json --emitDeclarationOnly
@afenda/authz:build: 
@afenda/authz:build: [34mCLI[39m Building entry: src/index.ts, src/permissions.ts
@afenda/authz:build: [34mCLI[39m Using tsconfig: tsconfig.build.json
@afenda/authz:build: [34mCLI[39m tsup v8.5.1
@afenda/authz:build: [34mCLI[39m Using tsup config: C:\AI-BOS\NEXUSCANON-AFENDA\packages\authz\tsup.config.ts
@afenda/authz:build: [34mCLI[39m Target: es2022
@afenda/authz:build: [34mCLI[39m Cleaning output folder
@afenda/authz:build: [34mESM[39m Build start
@afenda/authz:build: [32mESM[39m [1mdist\index.js              [22m[32m601.00 B[39m
@afenda/authz:build: [32mESM[39m [1mdist\permissions.js        [22m[32m262.00 B[39m
@afenda/authz:build: [32mESM[39m [1mdist\chunk-FUJFY2PJ.js     [22m[32m5.98 KB[39m
@afenda/authz:build: [32mESM[39m [1mdist\index.js.map          [22m[32m1.91 KB[39m
@afenda/authz:build: [32mESM[39m [1mdist\permissions.js.map    [22m[32m71.00 B[39m
@afenda/authz:build: [32mESM[39m [1mdist\chunk-FUJFY2PJ.js.map [22m[32m12.49 KB[39m
@afenda/authz:build: [32mESM[39m ÔÜí´©Å Build success in 846ms
@afenda/storage:build: cache hit, replaying logs 0cf4d9853a3145da
@afenda/storage:build: 
@afenda/storage:build: > @afenda/storage@0.0.0 build C:\AI-BOS\NEXUSCANON-AFENDA\packages\storage
@afenda/storage:build: > tsup && tsc -p tsconfig.build.json --emitDeclarationOnly
@afenda/storage:build: 
@afenda/storage:build: [34mCLI[39m Building entry: src/index.ts
@afenda/storage:build: [34mCLI[39m Using tsconfig: tsconfig.build.json
@afenda/storage:build: [34mCLI[39m tsup v8.5.1
@afenda/storage:build: [34mCLI[39m Using tsup config: C:\AI-BOS\NEXUSCANON-AFENDA\packages\storage\tsup.config.ts
@afenda/storage:build: [34mCLI[39m Target: es2022
@afenda/storage:build: [34mCLI[39m Cleaning output folder
@afenda/storage:build: [34mESM[39m Build start
@afenda/storage:build: [32mESM[39m [1mdist\index.js     [22m[32m12.60 KB[39m
@afenda/storage:build: [32mESM[39m [1mdist\index.js.map [22m[32m26.11 KB[39m
@afenda/storage:build: [32mESM[39m ÔÜí´©Å Build success in 895ms
@afenda/platform:build: cache hit, replaying logs 0f1d0ff729076dec
@afenda/platform:build: 
@afenda/platform:build: > @afenda/platform@0.0.0 build C:\AI-BOS\NEXUSCANON-AFENDA\packages\platform
@afenda/platform:build: > tsup && tsc -p tsconfig.build.json --emitDeclarationOnly
@afenda/platform:build: 
@afenda/platform:build: [34mCLI[39m Building entry: src/index.ts
@afenda/platform:build: [34mCLI[39m Using tsconfig: tsconfig.build.json
@afenda/platform:build: [34mCLI[39m tsup v8.5.1
@afenda/platform:build: [34mCLI[39m Using tsup config: C:\AI-BOS\NEXUSCANON-AFENDA\packages\platform\tsup.config.ts
@afenda/platform:build: [34mCLI[39m Target: es2022
@afenda/platform:build: [34mCLI[39m Cleaning output folder
@afenda/platform:build: [34mESM[39m Build start
@afenda/platform:build: [32mESM[39m [1mdist\index.js     [22m[32m6.56 KB[39m
@afenda/platform:build: [32mESM[39m [1mdist\index.js.map [22m[32m18.25 KB[39m
@afenda/platform:build: [32mESM[39m ÔÜí´©Å Build success in 811ms
@afenda/contracts:build: cache hit, replaying logs ab3c4966886ae89a
@afenda/contracts:build: 
@afenda/contracts:build: > @afenda/contracts@0.0.0 build C:\AI-BOS\NEXUSCANON-AFENDA\packages\contracts
@afenda/contracts:build: > tsup && tsc -p tsconfig.build.json --emitDeclarationOnly
@afenda/contracts:build: 
@afenda/contracts:build: [34mCLI[39m Building entry: src/index.ts
@afenda/contracts:build: [34mCLI[39m Using tsconfig: tsconfig.build.json
@afenda/contracts:build: [34mCLI[39m tsup v8.5.1
@afenda/contracts:build: [34mCLI[39m Using tsup config: C:\AI-BOS\NEXUSCANON-AFENDA\packages\contracts\tsup.config.ts
@afenda/contracts:build: [34mCLI[39m Target: es2022
@afenda/contracts:build: [34mCLI[39m Cleaning output folder
@afenda/contracts:build: [34mESM[39m Build start
@afenda/contracts:build: [32mESM[39m [1mdist\index.js     [22m[32m82.17 KB[39m
@afenda/contracts:build: [32mESM[39m [1mdist\index.js.map [22m[32m170.31 KB[39m
@afenda/contracts:build: [32mESM[39m ÔÜí´©Å Build success in 627ms
@afenda/db:build: cache hit, replaying logs a0296f9a680814d3
@afenda/db:build: 
@afenda/db:build: > @afenda/db@0.0.0 build C:\AI-BOS\NEXUSCANON-AFENDA\packages\db
@afenda/db:build: > tsup && tsc -p tsconfig.build.json --emitDeclarationOnly
@afenda/db:build: 
@afenda/db:build: [34mCLI[39m Building entry: src/index.ts
@afenda/db:build: [34mCLI[39m Using tsconfig: tsconfig.build.json
@afenda/db:build: [34mCLI[39m tsup v8.5.1
@afenda/db:build: [34mCLI[39m Using tsup config: C:\AI-BOS\NEXUSCANON-AFENDA\packages\db\tsup.config.ts
@afenda/db:build: [34mCLI[39m Target: es2022
@afenda/db:build: [34mCLI[39m Cleaning output folder
@afenda/db:build: [34mESM[39m Build start
@afenda/db:build: [32mESM[39m [1mdist\index.js     [22m[32m227.05 KB[39m
@afenda/api-kit:build: cache hit, replaying logs 2bf803c980a5772a
@afenda/db:build: [32mESM[39m [1mdist\index.js.map [22m[32m406.79 KB[39m
@afenda/db:build: [32mESM[39m ÔÜí´©Å Build success in 153ms
@afenda/api-kit:build: 
@afenda/api-kit:build: > @afenda/api-kit@0.0.0 build C:\AI-BOS\NEXUSCANON-AFENDA\packages\api-kit
@afenda/api-kit:build: > tsup && tsc -p tsconfig.build.json --emitDeclarationOnly
@afenda/api-kit:build: 
@afenda/api-kit:build: [34mCLI[39m Building entry: src/index.ts
@afenda/api-kit:build: [34mCLI[39m Using tsconfig: tsconfig.build.json
@afenda/api-kit:build: [34mCLI[39m tsup v8.5.1
@afenda/api-kit:build: [34mCLI[39m Using tsup config: C:\AI-BOS\NEXUSCANON-AFENDA\packages\api-kit\tsup.config.ts
@afenda/api-kit:build: [34mCLI[39m Target: es2022
@afenda/api-kit:build: [34mCLI[39m Cleaning output folder
@afenda/api-kit:build: [34mESM[39m Build start
@afenda/api-kit:build: [32mESM[39m [1mdist\index.js     [22m[32m3.61 KB[39m
@afenda/api-kit:build: [32mESM[39m [1mdist\index.js.map [22m[32m10.28 KB[39m
@afenda/api-kit:build: [32mESM[39m ÔÜí´©Å Build success in 109ms
@afenda/web:build: cache miss, executing 5ccb02069b9cfa5e
@afenda/finance:build: cache miss, executing 0bd1ec1e6fe2d80f
@afenda/finance:build: 
@afenda/finance:build: > @afenda/finance@0.0.0 build C:\AI-BOS\NEXUSCANON-AFENDA\packages\modules\finance
@afenda/finance:build: > tsup && tsc -p tsconfig.build.json --emitDeclarationOnly
@afenda/finance:build: 
@afenda/web:build: 
@afenda/web:build: > @afenda/web@0.0.0 build C:\AI-BOS\NEXUSCANON-AFENDA\apps\web
@afenda/web:build: > next build
@afenda/web:build: 
@afenda/finance:build: [34mCLI[39m Building entry: src/infra.ts, src/public.ts
@afenda/finance:build: [34mCLI[39m Using tsconfig: tsconfig.build.json
@afenda/finance:build: [34mCLI[39m tsup v8.5.1
@afenda/finance:build: [34mCLI[39m Using tsup config: C:\AI-BOS\NEXUSCANON-AFENDA\packages\modules\finance\tsup.config.ts
@afenda/finance:build: [34mCLI[39m Target: es2022
@afenda/finance:build: [34mCLI[39m Cleaning output folder
@afenda/finance:build: [34mESM[39m Build start
@afenda/finance:build: [32mESM[39m [1mdist\public.js                           [22m[32m201.64 KB[39m
@afenda/finance:build: [32mESM[39m [1mdist\infra.js                            [22m[32m392.58 KB[39m
@afenda/finance:build: [32mESM[39m [1mdist\supplier-activation-ZWCDG6HD.js     [22m[32m231.00 B[39m
@afenda/finance:build: [32mESM[39m [1mdist\chunk-BPWOQ3KJ.js                   [22m[32m316.88 KB[39m
@afenda/finance:build: [32mESM[39m [1mdist\chunk-C6KKWHAD.js                   [22m[32m7.36 KB[39m
@afenda/finance:build: [32mESM[39m [1mdist\chunk-5OEXYHAW.js                   [22m[32m3.01 KB[39m
@afenda/finance:build: [32mESM[39m [1mdist\public.js.map                       [22m[32m464.48 KB[39m
@afenda/finance:build: [32mESM[39m [1mdist\supplier-activation-ZWCDG6HD.js.map [22m[32m71.00 B[39m
@afenda/finance:build: [32mESM[39m [1mdist\infra.js.map                        [22m[32m820.32 KB[39m
@afenda/finance:build: [32mESM[39m [1mdist\chunk-5OEXYHAW.js.map               [22m[32m6.62 KB[39m
@afenda/finance:build: [32mESM[39m [1mdist\chunk-BPWOQ3KJ.js.map               [22m[32m710.89 KB[39m
@afenda/finance:build: [32mESM[39m [1mdist\chunk-C6KKWHAD.js.map               [22m[32m11.41 KB[39m
@afenda/finance:build: [32mESM[39m ÔÜí´©Å Build success in 602ms
@afenda/web:build: Ôû▓ Next.js 16.1.6 (Turbopack)
@afenda/web:build: - Environments: .env
@afenda/web:build: - Experiments (use with caution):
@afenda/web:build:   ┬À clientTraceMetadata
@afenda/web:build:   ┬À optimizePackageImports
@afenda/web:build:   Ô£ô parallelServerBuildTraces
@afenda/web:build:   Ô£ô parallelServerCompiles
@afenda/web:build:   ┬À staleTimes
@afenda/web:build:   Ô£ô turbopackFileSystemCacheForBuild
@afenda/web:build:   Ô£ô viewTransition
@afenda/web:build:   Ô£ô webpackBuildWorker
@afenda/web:build: 
@afenda/web:build:   Creating an optimized production build ...
@afenda/api:build: cache miss, executing f20c63eec1e3c49c
@afenda/worker:build: cache miss, executing aad8c6aa5194ee66
@afenda/api:build: 
@afenda/api:build: > @afenda/api@0.0.0 build C:\AI-BOS\NEXUSCANON-AFENDA\apps\api
@afenda/api:build: > tsup
@afenda/api:build: 
@afenda/worker:build: 
@afenda/worker:build: > @afenda/worker@0.0.0 build C:\AI-BOS\NEXUSCANON-AFENDA\apps\worker
@afenda/worker:build: > tsup
@afenda/worker:build: 
@afenda/worker:build: [34mCLI[39m Building entry: src/index.ts
@afenda/worker:build: [34mCLI[39m Using tsconfig: tsconfig.json
@afenda/worker:build: [34mCLI[39m tsup v8.5.1
@afenda/worker:build: [34mCLI[39m Using tsup config: C:\AI-BOS\NEXUSCANON-AFENDA\apps\worker\tsup.config.ts
@afenda/api:build: [34mCLI[39m Building entry: src/build-app.ts, src/index.ts
@afenda/api:build: [34mCLI[39m Using tsconfig: tsconfig.json
@afenda/api:build: [34mCLI[39m tsup v8.5.1
@afenda/api:build: [34mCLI[39m Using tsup config: C:\AI-BOS\NEXUSCANON-AFENDA\apps\api\tsup.config.ts
@afenda/api:build: [34mCLI[39m Target: es2022
@afenda/worker:build: [34mCLI[39m Target: es2022
@afenda/api:build: [34mCLI[39m Cleaning output folder
@afenda/api:build: [34mESM[39m Build start
@afenda/worker:build: [34mCLI[39m Cleaning output folder
@afenda/worker:build: [34mESM[39m Build start
@afenda/worker:build: [32mESM[39m [1mdist\index.js     [22m[32m22.46 KB[39m
@afenda/worker:build: [32mESM[39m [1mdist\index.js.map [22m[32m41.45 KB[39m
@afenda/worker:build: [32mESM[39m ÔÜí´©Å Build success in 1461ms
@afenda/api:build: [32mESM[39m [1mdist\build-app.js          [22m[32m110.00 B[39m
@afenda/api:build: [32mESM[39m [1mdist\chunk-HJ33BMB3.js     [22m[32m69.45 KB[39m
@afenda/api:build: [32mESM[39m [1mdist\index.js              [22m[32m2.25 KB[39m
@afenda/api:build: [32mESM[39m [1mdist\build-app.js.map      [22m[32m71.00 B[39m
@afenda/api:build: [32mESM[39m [1mdist\chunk-HJ33BMB3.js.map [22m[32m134.53 KB[39m
@afenda/api:build: [32mESM[39m [1mdist\index.js.map          [22m[32m4.35 KB[39m
@afenda/api:build: [32mESM[39m ÔÜí´©Å Build success in 3434ms
@afenda/web:build: Ô£ô Compiled successfully in 63s
@afenda/web:build:   Running next.config.js provided runAfterProductionCompile ...
@afenda/web:build: Ô£ô Completed runAfterProductionCompile in 2039ms
@afenda/web:build:   Running TypeScript ...
@afenda/web:build:   Collecting page data using 21 workers ...
@afenda/web:build:   Generating static pages using 21 workers (0/11) ...
@afenda/web:build: [auth.getSession] Cookie validation error: Error: Dynamic server usage: Route /onboarding couldn't be rendered statically because it used `cookies`. See more info here: https://nextjs.org/docs/messages/dynamic-server-error
@afenda/web:build:     at w (C:\AI-BOS\NEXUSCANON-AFENDA\apps\web\.next\server\chunks\ssr\25b15_next_dist_27b53815._.js:2:7349)
@afenda/web:build:     at n (C:\AI-BOS\NEXUSCANON-AFENDA\apps\web\.next\server\chunks\ssr\_f59ce793._.js:2:12751)
@afenda/web:build:     at or (C:\AI-BOS\NEXUSCANON-AFENDA\apps\web\.next\server\chunks\ssr\_f59ce793._.js:49:170064)
@afenda/web:build:     at g.getSession (C:\AI-BOS\NEXUSCANON-AFENDA\apps\web\.next\server\chunks\ssr\_f59ce793._.js:49:173881)
@afenda/web:build:     at ox (C:\AI-BOS\NEXUSCANON-AFENDA\apps\web\.next\server\chunks\ssr\_f59ce793._.js:49:175454)
@afenda/web:build:     at f (C:\AI-BOS\NEXUSCANON-AFENDA\apps\web\.next\server\chunks\ssr\[root-of-the-server]__a296aae7._.js:2:1595) {
@afenda/web:build:   description: "Route /onboarding couldn't be rendered statically because it used `cookies`. See more info here: https://nextjs.org/docs/messages/dynamic-server-error",
@afenda/web:build:   digest: 'DYNAMIC_SERVER_USAGE'
@afenda/web:build: }
@afenda/web:build:   Generating static pages using 21 workers (2/11) 
@afenda/web:build:   Generating static pages using 21 workers (5/11) 
@afenda/web:build:   Generating static pages using 21 workers (8/11) 
@afenda/web:build: Ô£ô Generating static pages using 21 workers (11/11) in 1478.8ms
@afenda/web:build:   Finalizing page optimization ...
@afenda/web:build: 
@afenda/web:build: Route (app)
@afenda/web:build: Ôöî ãÆ /
@afenda/web:build: Ôö£ Ôùï /_not-found
@afenda/web:build: Ôö£ Ôùï /accept-invite
@afenda/web:build: Ôö£ ãÆ /admin/actions
@afenda/web:build: Ôö£ ãÆ /admin/audit
@afenda/web:build: Ôö£ ãÆ /admin/config
@afenda/web:build: Ôö£ ãÆ /admin/tenants
@afenda/web:build: Ôö£ ãÆ /admin/tenants/[id]
@afenda/web:build: Ôö£ ãÆ /admin/users
@afenda/web:build: Ôö£ ãÆ /api/auth/[...path]
@afenda/web:build: Ôö£ ãÆ /boardroom
@afenda/web:build: Ôö£ ãÆ /crm
@afenda/web:build: Ôö£ ãÆ /finance
@afenda/web:build: Ôö£ ãÆ /finance/accounts
@afenda/web:build: Ôö£ ãÆ /finance/accounts/[id]
@afenda/web:build: Ôö£ ãÆ /finance/accounts/new
@afenda/web:build: Ôö£ ãÆ /finance/approvals
@afenda/web:build: Ôö£ ãÆ /finance/banking
@afenda/web:build: Ôö£ ãÆ /finance/banking/import
@afenda/web:build: Ôö£ ãÆ /finance/banking/reconcile/[id]
@afenda/web:build: Ôö£ ãÆ /finance/consolidation
@afenda/web:build: Ôö£ ãÆ /finance/cost-centers
@afenda/web:build: Ôö£ ãÆ /finance/credit
@afenda/web:build: Ôö£ ãÆ /finance/deferred-tax
@afenda/web:build: Ôö£ ãÆ /finance/expenses
@afenda/web:build: Ôö£ ãÆ /finance/expenses/new
@afenda/web:build: Ôö£ ãÆ /finance/fixed-assets
@afenda/web:build: Ôö£ ãÆ /finance/fixed-assets/[id]
@afenda/web:build: Ôö£ ãÆ /finance/fixed-assets/depreciation
@afenda/web:build: Ôö£ ãÆ /finance/fx-rates
@afenda/web:build: Ôö£ ãÆ /finance/hedging
@afenda/web:build: Ôö£ ãÆ /finance/instruments
@afenda/web:build: Ôö£ ãÆ /finance/intangibles
@afenda/web:build: Ôö£ ãÆ /finance/intercompany
@afenda/web:build: Ôö£ ãÆ /finance/intercompany/[id]
@afenda/web:build: Ôö£ ãÆ /finance/intercompany/new
@afenda/web:build: Ôö£ ãÆ /finance/journals
@afenda/web:build: Ôö£ ãÆ /finance/journals/[id]
@afenda/web:build: Ôö£ ãÆ /finance/journals/new
@afenda/web:build: Ôö£ ãÆ /finance/leases
@afenda/web:build: Ôö£ ãÆ /finance/ledgers
@afenda/web:build: Ôö£ ãÆ /finance/ledgers/[id]
@afenda/web:build: Ôö£ ãÆ /finance/ledgers/new
@afenda/web:build: Ôö£ ãÆ /finance/payables
@afenda/web:build: Ôö£ ãÆ /finance/payables/[id]
@afenda/web:build: Ôö£ ãÆ /finance/payables/[id]/pay
@afenda/web:build: Ôö£ ãÆ /finance/payables/close-checklist
@afenda/web:build: Ôö£ ãÆ /finance/payables/credit-memos/new
@afenda/web:build: Ôö£ ãÆ /finance/payables/debit-memos/new
@afenda/web:build: Ôö£ ãÆ /finance/payables/holds
@afenda/web:build: Ôö£ ãÆ /finance/payables/import
@afenda/web:build: Ôö£ ãÆ /finance/payables/new
@afenda/web:build: Ôö£ ãÆ /finance/payables/payment-runs
@afenda/web:build: Ôö£ ãÆ /finance/payables/payment-runs/[id]
@afenda/web:build: Ôö£ ãÆ /finance/payables/payment-runs/[id]/items
@afenda/web:build: Ôö£ ãÆ /finance/payables/payment-runs/[id]/rejection
@afenda/web:build: Ôö£ ãÆ /finance/payables/payment-runs/[id]/remittance
@afenda/web:build: Ôö£ ãÆ /finance/payables/payment-runs/new
@afenda/web:build: Ôö£ ãÆ /finance/payables/reconciliation
@afenda/web:build: Ôö£ ãÆ /finance/payables/suppliers
@afenda/web:build: Ôö£ ãÆ /finance/payables/suppliers/[id]
@afenda/web:build: Ôö£ ãÆ /finance/payables/suppliers/new
@afenda/web:build: Ôö£ ãÆ /finance/periods
@afenda/web:build: Ôö£ ãÆ /finance/projects
@afenda/web:build: Ôö£ ãÆ /finance/projects/[id]
@afenda/web:build: Ôö£ ãÆ /finance/projects/[id]/billing
@afenda/web:build: Ôö£ ãÆ /finance/provisions
@afenda/web:build: Ôö£ ãÆ /finance/receivables
@afenda/web:build: Ôö£ ãÆ /finance/receivables/[id]
@afenda/web:build: Ôö£ ãÆ /finance/receivables/[id]/allocate
@afenda/web:build: Ôö£ ãÆ /finance/receivables/new
@afenda/web:build: Ôö£ ãÆ /finance/recurring
@afenda/web:build: Ôö£ ãÆ /finance/recurring/[id]
@afenda/web:build: Ôö£ ãÆ /finance/recurring/new
@afenda/web:build: Ôö£ ãÆ /finance/reports
@afenda/web:build: Ôö£ ãÆ /finance/reports/ap-aging
@afenda/web:build: Ôö£ ãÆ /finance/reports/ar-aging
@afenda/web:build: Ôö£ ãÆ /finance/reports/asset-register
@afenda/web:build: Ôö£ ãÆ /finance/reports/balance-sheet
@afenda/web:build: Ôö£ ãÆ /finance/reports/budget-variance
@afenda/web:build: Ôö£ ãÆ /finance/reports/cash-flow
@afenda/web:build: Ôö£ ãÆ /finance/reports/consolidation
@afenda/web:build: Ôö£ ãÆ /finance/reports/cost-allocation
@afenda/web:build: Ôö£ ãÆ /finance/reports/equity-statement
@afenda/web:build: Ôö£ ãÆ /finance/reports/ic-aging
@afenda/web:build: Ôö£ ãÆ /finance/reports/income-statement
@afenda/web:build: Ôö£ ãÆ /finance/reports/tax-summary
@afenda/web:build: Ôö£ ãÆ /finance/reports/wht
@afenda/web:build: Ôö£ ãÆ /finance/tax
@afenda/web:build: Ôö£ ãÆ /finance/transfer-pricing
@afenda/web:build: Ôö£ ãÆ /finance/treasury
@afenda/web:build: Ôö£ ãÆ /finance/trial-balance
@afenda/web:build: Ôö£ ãÆ /forbidden
@afenda/web:build: Ôö£ Ôùï /forgot-password
@afenda/web:build: Ôö£ ãÆ /hrm
@afenda/web:build: Ôö£ Ôùï /login
@afenda/web:build: Ôö£ ãÆ /onboarding
@afenda/web:build: Ôö£ ãÆ /portal
@afenda/web:build: Ôö£ ãÆ /portal/bank-accounts
@afenda/web:build: Ôö£ ãÆ /portal/compliance
@afenda/web:build: Ôö£ ãÆ /portal/disputes
@afenda/web:build: Ôö£ ãÆ /portal/disputes/[id]
@afenda/web:build: Ôö£ ãÆ /portal/disputes/new
@afenda/web:build: Ôö£ ãÆ /portal/documents
@afenda/web:build: Ôö£ ãÆ /portal/invoices
@afenda/web:build: Ôö£ ãÆ /portal/invoices/[id]
@afenda/web:build: Ôö£ ãÆ /portal/invoices/submit
@afenda/web:build: Ôö£ ãÆ /portal/payments
@afenda/web:build: Ôö£ ãÆ /portal/payments/[runId]
@afenda/web:build: Ôö£ ãÆ /portal/payments/[runId]/remittance
@afenda/web:build: Ôö£ ãÆ /portal/profile
@afenda/web:build: Ôö£ ãÆ /portal/reconciliation
@afenda/web:build: Ôö£ ãÆ /portal/settings/notifications
@afenda/web:build: Ôö£ ãÆ /portal/wht
@afenda/web:build: Ôö£ ãÆ /portal/wht/[id]
@afenda/web:build: Ôö£ Ôùï /register
@afenda/web:build: Ôö£ Ôùï /reset-password
@afenda/web:build: Ôö£ Ôùï /robots.txt
@afenda/web:build: Ôö£ ãÆ /settings
@afenda/web:build: Ôö£ ãÆ /settings/audit-log
@afenda/web:build: Ôö£ ãÆ /settings/members
@afenda/web:build: Ôö£ ãÆ /settings/members/invite
@afenda/web:build: Ôö£ ãÆ /settings/organization
@afenda/web:build: Ôö£ ãÆ /settings/organization/config
@afenda/web:build: Ôö£ ãÆ /settings/preferences
@afenda/web:build: Ôö£ Ôùï /sitemap.xml
@afenda/web:build: Ôöö Ôùï /verify-email
@afenda/web:build: 
@afenda/web:build: 
@afenda/web:build: ãÆ Proxy (Middleware)
@afenda/web:build: 
@afenda/web:build: Ôùï  (Static)   prerendered as static content
@afenda/web:build: ãÆ  (Dynamic)  server-rendered on demand
@afenda/web:build: 

 Tasks:    11 successful, 11 total
Cached:    7 cached, 11 total
  Time:    2m12.266s 

